// Jest Snapshot v1, https://goo.gl/fbAQLP

exports[`PokemonButtonMoreLayout Renders correctly 1`] = `
<div>
  <div
    className="load-more"
  >
    <button
      className="button"
      onClick={[Function]}
    >
      Cargar m√°s pokemon
    </button>
  </div>
</div>
`;
